<html>
<body>
<pre>
<h1>µVision Build Log</h1>
<h2>Tool Versions:</h2>
IDE-Version: µVision V5.24.2.0
Copyright (C) 2017 ARM Ltd and ARM Germany GmbH. All rights reserved.
License Information: Saleh Bakhit, McGill University, LIC=----
 
Tool Versions:
Toolchain:       MDK-Lite  Version: 5.24.1
Toolchain Path:  C:\Keil_v5\ARM\ARMCC\Bin
C Compiler:      Armcc.exe V5.06 update 5 (build 528)
Assembler:       Armasm.exe V5.06 update 5 (build 528)
Linker/Locator:  ArmLink.exe V5.06 update 5 (build 528)
Library Manager: ArmAr.exe V5.06 update 5 (build 528)
Hex Converter:   FromElf.exe V5.06 update 5 (build 528)
CPU DLL:         SARMCM3.DLL V5.24.1
Dialog DLL:      DCM.DLL V1.16.0.0
Target DLL:      STLink\ST-LINKIII-KEIL_SWO.dll V3.0.1.0
Dialog DLL:      TCM.DLL V1.32.0.0
 
<h2>Project:</h2>
C:\Users\Saleh\Documents\GitHub\426_Final_Project\NUCLEO_CODE\BLE_SampleProject.uvprojx
Project File Date:  12/03/2017

<h2>Output:</h2>
*** Using Compiler 'V5.06 update 5 (build 528)', folder: 'C:\Keil_v5\ARM\ARMCC\Bin'
Rebuild target 'Application'
compiling clock.c...
compiling cube_hal_f4.c...
compiling bluenrg_interface.c...
compiling stm32xx_it.c...
compiling main.c...
Src\main.c(84): warning:  #3170-D: use of a const variable in a constant expression is nonstandard in C
  uint8_t Rbuffer[SIZE];
Src\main.c: 1 warning, 0 errors
compiling sensor_service.c...
compiling fput_debug.c...
compiling usart.c...
compiling bluenrg_gap_aci.c...
compiling hci.c...
BLE\STM32_BlueNRG\SimpleBlueNRG_HCI\hci\hci.c(178): warning:  #223-D: function "Hal_Write_Serial" declared implicitly
    Hal_Write_Serial(data1, data2, n_bytes1, n_bytes2);
BLE\STM32_BlueNRG\SimpleBlueNRG_HCI\hci\hci.c: 1 warning, 0 errors
compiling bluenrg_hal_aci.c...
compiling bluenrg_gatt_aci.c...
compiling bluenrg_l2cap_aci.c...
compiling bluenrg_itf_template.c...
compiling gp_timer.c...
compiling osal.c...
compiling list.c...
compiling bluenrg_utils_small.c...
compiling stm32f4xx_nucleo.c...
compiling system_stm32f4xx.c...
compiling stm32_bluenrg_ble.c...
compiling stm32f4xx_hal.c...
compiling stm32f4xx_hal_adc.c...
compiling stm32f4xx_hal_adc_ex.c...
compiling stm32f4xx_hal_cortex.c...
compiling stm32f4xx_hal_dma.c...
compiling stm32f4xx_hal_dma_ex.c...
compiling stm32f4xx_hal_flash.c...
compiling stm32f4xx_hal_flash_ex.c...
compiling stm32f4xx_hal_gpio.c...
compiling stm32f4xx_hal_pwr.c...
compiling stm32f4xx_hal_pwr_ex.c...
compiling stm32f4xx_hal_rcc_ex.c...
compiling stm32f4xx_hal_rcc.c...
compiling stm32f4xx_hal_tim.c...
compiling stm32f4xx_hal_tim_ex.c...
compiling stm32f4xx_hal_spi.c...
assembling startup_stm32f401xe.s...
compiling retarget_io.c...
compiling stm32f4xx_hal_uart.c...
compiling stm32f4xx_hal_usart.c...
linking...
Program Size: Code=18292 RO-data=768 RW-data=116 ZI-data=2980  
".\Objects\BLE_SampleProject.axf" - 0 Error(s), 2 Warning(s).

<h2>Software Packages used:</h2>

Package Vendor: Keil
                http://www.keil.com/pack/Keil.ARM_Compiler.1.2.0.pack
                Keil.ARM_Compiler.1.2.0
                Keil ARM Compiler extensions
   * Component: STDOUT Variant: ITM Version: 1.1.0

Package Vendor: Keil
                http://www.keil.com/pack/Keil.STM32F4xx_DFP.2.8.0.pack
                Keil.STM32F4xx_DFP.2.8.0
                STMicroelectronics STM32F4 Series Device Support, Drivers and Examples

<h2>Collection of Component include folders:</h2>
  .\RTE\_Application
  C:\Keil_v5\ARM\PACK\Keil\STM32F4xx_DFP\2.8.0\Drivers\CMSIS\Device\ST\STM32F4xx\Include

<h2>Collection of Component Files used:</h2>

   * Component: Keil.ARM Compiler::Compiler:I/O:STDOUT:ITM:1.1.0
      Source file:   Source\retarget_io.c
Build Time Elapsed:  00:00:11
</pre>
</body>
</html>
